{"commitInfo":{"timestamp":1630659965002,"userId":"8762007789454190","userName":"wyuan@talend.com","operation":"CREATE TABLE","operationParameters":{"isManaged":"false","description":null,"partitionBy":"[\"outofdate\"]","properties":"{}"},"notebook":{"notebookId":"2727649549427092"},"clusterId":"0830-085441-merit621","isolationLevel":"SnapshotIsolation","isBlindAppend":true,"operationMetrics":{}}}
{"protocol":{"minReaderVersion":1,"minWriterVersion":2}}
{"metaData":{"id":"43358d90-c141-4d04-8823-9f3ae2f4eb31","format":{"provider":"parquet","options":{}},"schemaString":"{\"type\":\"struct\",\"fields\":[{\"name\":\"id\",\"type\":\"string\",\"nullable\":true,\"metadata\":{}},{\"name\":\"name\",\"type\":\"string\",\"nullable\":true,\"metadata\":{}},{\"name\":\"release\",\"type\":\"string\",\"nullable\":true,\"metadata\":{}},{\"name\":\"sales\",\"type\":\"string\",\"nullable\":true,\"metadata\":{}},{\"name\":\"outofdate\",\"type\":\"string\",\"nullable\":true,\"metadata\":{}}]}","partitionColumns":["outofdate"],"configuration":{},"createdTime":1630659963930}}
